{
 "tag20": "ST170201CYC/1",
 "tag25": {
  "account": "PL29114010810000267002001002"
 },
 "tag28": {
  "stmt_number": "3",
  "seq_number": "1"
 },
 "tag60": {
  "dc_mark": "C",
  "date": "2017-02-01T00:00:00Z",
  "currency": "PLN",
  "amount": "0.46"
 },
 "statements": [
  {
   "tag61": {
    "value_date": "2017-02-01T00:00:00Z",
    "entry_date": "0000-02-01T00:00:00Z",
    "dc_mark": "C",
    "funds_code": "N",
    "amount": "45",
    "trx_ident": "NTRF",
    "owner_ref": "NONREF",
    "institution_ref": "MB170201323000",
    "details": "911-TRANSAKCJA IPH"
   },
   "tag86": [
    "911 TRANSAKCJA COLLECT; ID IPH: XX000002052409; Z RACH.: ",
    "00000000000000000000000000; OD: AAAAAA AAAAAA  UL.AAAAAAAAAAA 27 ",
    "M.32 31-000 AAAAAA; TYT.: _FAKTURA VAT NR FVD-0000/02/2017  A ",
    "AAAAA AAAAAA UL. AAAAAAAAAAA 220/22  ; TNR: ",
    "179301073837502.000001"
   ]
  },
  {
   "tag61": {
    "value_date": "2017-02-01T00:00:00Z",
    "entry_date": "0000-02-01T00:00:00Z",
    "dc_mark": "C",
    "funds_code": "N",
    "amount": "44",
    "trx_ident": "NTRF",
    "owner_ref": "NONREF",
    "institution_ref": "MB170201327968",
    "details": "911-TRANSAKCJA IPH"
   },
   "tag86": [
    "911 TRANSAKCJA COLLECT; ID IPH: XX000002052402; Z RACH.: ",
    "00000000000000000000000000; OD: AAAAA AAAAAAAAA  UL.AAAAAAA ",
    "AAAAAAAAAAAAA 22 31-000 AAAAAA; TYT.: AAAAAA AA AAAAAAAA   ; ",
    "TNR: 179301073844398.000001"
   ]
  }
 ],
 "tag62": {
  "dc_mark": "C",
  "date": "2017-02-01T00:00:00Z",
  "currency": "PLN",
  "amount": "860.17"
 },
 "tag64": {
  "dc_mark": "C",
  "date": "2017-02-01T00:00:00Z",
  "currency": "PLN",
  "amount": "860.17"
 }
}